[2026-06-14T11:01:04.516467377Z] [OPS] [customer-db] DB cluster JDBC URL configured for [localhost:5432]
[2026-06-14T11:01:04.538635294Z] [OPS] [customer-db] DB connect failed attempt=1 state=08001 Connection to localhost:5432 refused. Check that the hostname and port are correct and that the postmaster is accepting TCP/IP connections.
[2026-06-14T11:01:06.043586044Z] [OPS] [customer-db] DB connect failed attempt=2 state=08001 Connection to localhost:5432 refused. Check that the hostname and port are correct and that the postmaster is accepting TCP/IP connections.
[2026-06-14T11:01:07.547509462Z] [OPS] [customer-db] DB connect failed attempt=3 state=08001 Connection to localhost:5432 refused. Check that the hostname and port are correct and that the postmaster is accepting TCP/IP connections.
[2026-06-14T11:01:09.051531004Z] [OPS] [customer-db] DB connect failed attempt=4 state=08001 Connection to localhost:5432 refused. Check that the hostname and port are correct and that the postmaster is accepting TCP/IP connections.
[2026-06-14T11:01:10.555556172Z] [OPS] [customer-db] DB connect failed attempt=5 state=08001 Connection to localhost:5432 refused. Check that the hostname and port are correct and that the postmaster is accepting TCP/IP connections.
[2026-06-14T11:01:12.060979672Z] [OPS] [customer-db] DB connect failed attempt=6 state=08001 Connection to localhost:5432 refused. Check that the hostname and port are correct and that the postmaster is accepting TCP/IP connections.
[2026-06-14T11:01:13.569204881Z] [OPS] [customer-db] DB connect failed attempt=7 state=08001 Connection to localhost:5432 refused. Check that the hostname and port are correct and that the postmaster is accepting TCP/IP connections.
[2026-06-14T11:01:15.077355424Z] [OPS] [customer-db] DB connect failed attempt=8 state=08001 Connection to localhost:5432 refused. Check that the hostname and port are correct and that the postmaster is accepting TCP/IP connections.
[2026-06-14T11:01:15.083113465Z] [OPS] [customer-db] DB connect failed attempt=1 state=08001 Connection to localhost:5432 refused. Check that the hostname and port are correct and that the postmaster is accepting TCP/IP connections.
[2026-06-14T11:01:16.589275174Z] [OPS] [customer-db] DB connect failed attempt=2 state=08001 Connection to localhost:5432 refused. Check that the hostname and port are correct and that the postmaster is accepting TCP/IP connections.
[2026-06-14T11:01:18.093267258Z] [OPS] [customer-db] DB connect failed attempt=3 state=08001 Connection to localhost:5432 refused. Check that the hostname and port are correct and that the postmaster is accepting TCP/IP connections.
[2026-06-14T11:01:19.597036759Z] [OPS] [customer-db] DB connect failed attempt=4 state=08001 Connection to localhost:5432 refused. Check that the hostname and port are correct and that the postmaster is accepting TCP/IP connections.
[2026-06-14T11:01:21.103327635Z] [OPS] [customer-db] DB connect failed attempt=5 state=08001 Connection to localhost:5432 refused. Check that the hostname and port are correct and that the postmaster is accepting TCP/IP connections.
[2026-06-14T11:01:22.606735011Z] [OPS] [customer-db] DB connect failed attempt=6 state=08001 Connection to localhost:5432 refused. Check that the hostname and port are correct and that the postmaster is accepting TCP/IP connections.
[2026-06-14T11:01:24.110593386Z] [OPS] [customer-db] DB connect failed attempt=7 state=08001 Connection to localhost:5432 refused. Check that the hostname and port are correct and that the postmaster is accepting TCP/IP connections.
[2026-06-14T11:01:25.616950554Z] [OPS] [customer-db] DB connect failed attempt=8 state=08001 Connection to localhost:5432 refused. Check that the hostname and port are correct and that the postmaster is accepting TCP/IP connections.
[2026-06-14T11:01:25.623815054Z] [OPS] [customer-db] DB connect failed attempt=1 state=08001 Connection to localhost:5432 refused. Check that the hostname and port are correct and that the postmaster is accepting TCP/IP connections.
[2026-06-14T11:01:27.127125429Z] [OPS] [customer-db] DB connect failed attempt=2 state=08001 Connection to localhost:5432 refused. Check that the hostname and port are correct and that the postmaster is accepting TCP/IP connections.
[2026-06-14T11:01:28.631288180Z] [OPS] [customer-db] DB connect failed attempt=3 state=08001 Connection to localhost:5432 refused. Check that the hostname and port are correct and that the postmaster is accepting TCP/IP connections.
[2026-06-14T11:01:30.135997042Z] [OPS] [customer-db] DB connect failed attempt=4 state=08001 Connection to localhost:5432 refused. Check that the hostname and port are correct and that the postmaster is accepting TCP/IP connections.
[2026-06-14T11:01:31.639591626Z] [OPS] [customer-db] DB connect failed attempt=5 state=08001 Connection to localhost:5432 refused. Check that the hostname and port are correct and that the postmaster is accepting TCP/IP connections.
[2026-06-14T11:01:33.142391210Z] [OPS] [customer-db] DB connect failed attempt=6 state=08001 Connection to localhost:5432 refused. Check that the hostname and port are correct and that the postmaster is accepting TCP/IP connections.
[2026-06-14T11:01:34.648943669Z] [OPS] [customer-db] DB connect failed attempt=7 state=08001 Connection to localhost:5432 refused. Check that the hostname and port are correct and that the postmaster is accepting TCP/IP connections.
[2026-06-14T11:01:36.157101711Z] [OPS] [customer-db] DB connect failed attempt=8 state=08001 Connection to localhost:5432 refused. Check that the hostname and port are correct and that the postmaster is accepting TCP/IP connections.
[2026-06-14T11:01:36.159278794Z] [OPS] [customer-db] DB connect failed attempt=1 state=08001 Connection to localhost:5432 refused. Check that the hostname and port are correct and that the postmaster is accepting TCP/IP connections.
[2026-06-14T11:01:37.667090920Z] [OPS] [customer-db] DB connect failed attempt=2 state=08001 Connection to localhost:5432 refused. Check that the hostname and port are correct and that the postmaster is accepting TCP/IP connections.
[2026-06-14T11:01:39.171065588Z] [OPS] [customer-db] DB connect failed attempt=3 state=08001 Connection to localhost:5432 refused. Check that the hostname and port are correct and that the postmaster is accepting TCP/IP connections.
[2026-06-14T11:01:40.678102880Z] [OPS] [customer-db] DB connect failed attempt=4 state=08001 Connection to localhost:5432 refused. Check that the hostname and port are correct and that the postmaster is accepting TCP/IP connections.
[2026-06-14T11:01:42.187021547Z] [OPS] [customer-db] DB connect failed attempt=5 state=08001 Connection to localhost:5432 refused. Check that the hostname and port are correct and that the postmaster is accepting TCP/IP connections.
[2026-06-14T11:01:43.691856590Z] [OPS] [customer-db] DB connect failed attempt=6 state=08001 Connection to localhost:5432 refused. Check that the hostname and port are correct and that the postmaster is accepting TCP/IP connections.
[2026-06-14T11:01:45.198030049Z] [OPS] [customer-db] DB connect failed attempt=7 state=08001 Connection to localhost:5432 refused. Check that the hostname and port are correct and that the postmaster is accepting TCP/IP connections.
[2026-06-14T11:01:46.703782216Z] [OPS] [customer-db] DB connect failed attempt=8 state=08001 Connection to localhost:5432 refused. Check that the hostname and port are correct and that the postmaster is accepting TCP/IP connections.
[2026-06-14T11:01:46.710214466Z] [OPS] [customer-db] DB connect failed attempt=1 state=08001 Connection to localhost:5432 refused. Check that the hostname and port are correct and that the postmaster is accepting TCP/IP connections.
[2026-06-14T11:01:48.214412384Z] [OPS] [customer-db] DB connect failed attempt=2 state=08001 Connection to localhost:5432 refused. Check that the hostname and port are correct and that the postmaster is accepting TCP/IP connections.
[2026-06-14T11:01:49.716538093Z] [OPS] [customer-db] DB connect failed attempt=3 state=08001 Connection to localhost:5432 refused. Check that the hostname and port are correct and that the postmaster is accepting TCP/IP connections.
[2026-06-14T11:01:51.221458260Z] [OPS] [customer-db] DB connect failed attempt=4 state=08001 Connection to localhost:5432 refused. Check that the hostname and port are correct and that the postmaster is accepting TCP/IP connections.
[2026-06-14T11:01:52.726045511Z] [OPS] [customer-db] DB connect failed attempt=5 state=08001 Connection to localhost:5432 refused. Check that the hostname and port are correct and that the postmaster is accepting TCP/IP connections.
[2026-06-14T11:01:54.230486720Z] [OPS] [customer-db] DB connect failed attempt=6 state=08001 Connection to localhost:5432 refused. Check that the hostname and port are correct and that the postmaster is accepting TCP/IP connections.
[2026-06-14T11:01:55.735062304Z] [OPS] [customer-db] DB connect failed attempt=7 state=08001 Connection to localhost:5432 refused. Check that the hostname and port are correct and that the postmaster is accepting TCP/IP connections.
[2026-06-14T11:01:57.238954971Z] [OPS] [customer-db] DB connect failed attempt=8 state=08001 Connection to localhost:5432 refused. Check that the hostname and port are correct and that the postmaster is accepting TCP/IP connections.
[2026-06-14T11:01:57.241281096Z] [OPS] [customer-db] DB connect failed attempt=1 state=08001 Connection to localhost:5432 refused. Check that the hostname and port are correct and that the postmaster is accepting TCP/IP connections.
[2026-06-14T11:01:58.743943805Z] [OPS] [customer-db] DB connect failed attempt=2 state=08001 Connection to localhost:5432 refused. Check that the hostname and port are correct and that the postmaster is accepting TCP/IP connections.
[2026-06-14T11:02:00.247975792Z] [OPS] [customer-db] DB connect failed attempt=3 state=08001 Connection to localhost:5432 refused. Check that the hostname and port are correct and that the postmaster is accepting TCP/IP connections.
[2026-06-14T11:02:01.752958042Z] [OPS] [customer-db] DB connect failed attempt=4 state=08001 Connection to localhost:5432 refused. Check that the hostname and port are correct and that the postmaster is accepting TCP/IP connections.
[2026-06-14T11:02:03.259582001Z] [OPS] [customer-db] DB connect failed attempt=5 state=08001 Connection to localhost:5432 refused. Check that the hostname and port are correct and that the postmaster is accepting TCP/IP connections.
[2026-06-14T11:02:04.764339044Z] [OPS] [customer-db] DB connect failed attempt=6 state=08001 Connection to localhost:5432 refused. Check that the hostname and port are correct and that the postmaster is accepting TCP/IP connections.
[2026-06-14T11:02:06.271643919Z] [OPS] [customer-db] DB connect failed attempt=7 state=08001 Connection to localhost:5432 refused. Check that the hostname and port are correct and that the postmaster is accepting TCP/IP connections.
[2026-06-14T11:02:07.774665462Z] [OPS] [customer-db] DB connect failed attempt=8 state=08001 Connection to localhost:5432 refused. Check that the hostname and port are correct and that the postmaster is accepting TCP/IP connections.
[2026-06-14T11:02:07.779372129Z] [OPS] [customer-db] DB connect failed attempt=1 state=08001 Connection to localhost:5432 refused. Check that the hostname and port are correct and that the postmaster is accepting TCP/IP connections.
[2026-06-14T11:02:09.282679504Z] [OPS] [customer-db] DB connect failed attempt=2 state=08001 Connection to localhost:5432 refused. Check that the hostname and port are correct and that the postmaster is accepting TCP/IP connections.
[2026-06-14T11:02:10.786025797Z] [OPS] [customer-db] DB connect failed attempt=3 state=08001 Connection to localhost:5432 refused. Check that the hostname and port are correct and that the postmaster is accepting TCP/IP connections.
[2026-06-14T11:02:12.289893631Z] [OPS] [customer-db] DB connect failed attempt=4 state=08001 Connection to localhost:5432 refused. Check that the hostname and port are correct and that the postmaster is accepting TCP/IP connections.
[2026-06-14T11:02:13.794383506Z] [OPS] [customer-db] DB connect failed attempt=5 state=08001 Connection to localhost:5432 refused. Check that the hostname and port are correct and that the postmaster is accepting TCP/IP connections.
[2026-06-14T11:02:15.297219090Z] [OPS] [customer-db] DB connect failed attempt=6 state=08001 Connection to localhost:5432 refused. Check that the hostname and port are correct and that the postmaster is accepting TCP/IP connections.
[2026-06-14T11:02:16.800971258Z] [OPS] [customer-db] DB connect failed attempt=7 state=08001 Connection to localhost:5432 refused. Check that the hostname and port are correct and that the postmaster is accepting TCP/IP connections.
[2026-06-14T11:02:18.308916884Z] [OPS] [customer-db] DB connect failed attempt=8 state=08001 Connection to localhost:5432 refused. Check that the hostname and port are correct and that the postmaster is accepting TCP/IP connections.
[2026-06-14T11:02:18.311604175Z] [OPS] [customer-db] DB connect failed attempt=1 state=08001 Connection to localhost:5432 refused. Check that the hostname and port are correct and that the postmaster is accepting TCP/IP connections.
[2026-06-14T11:02:19.817680968Z] [OPS] [customer-db] DB connect failed attempt=2 state=08001 Connection to localhost:5432 refused. Check that the hostname and port are correct and that the postmaster is accepting TCP/IP connections.
[2026-06-14T11:02:21.323498593Z] [OPS] [customer-db] DB connect failed attempt=3 state=08001 Connection to localhost:5432 refused. Check that the hostname and port are correct and that the postmaster is accepting TCP/IP connections.
[2026-06-14T11:02:22.828742302Z] [OPS] [customer-db] DB connect failed attempt=4 state=08001 Connection to localhost:5432 refused. Check that the hostname and port are correct and that the postmaster is accepting TCP/IP connections.
[2026-06-14T11:02:24.332532845Z] [OPS] [customer-db] DB connect failed attempt=5 state=08001 Connection to localhost:5432 refused. Check that the hostname and port are correct and that the postmaster is accepting TCP/IP connections.
[2026-06-14T11:02:25.836341012Z] [OPS] [customer-db] DB connect failed attempt=6 state=08001 Connection to localhost:5432 refused. Check that the hostname and port are correct and that the postmaster is accepting TCP/IP connections.
[2026-06-14T11:02:27.342282013Z] [OPS] [customer-db] DB connect failed attempt=7 state=08001 Connection to localhost:5432 refused. Check that the hostname and port are correct and that the postmaster is accepting TCP/IP connections.
[2026-06-14T11:02:28.845911097Z] [OPS] [customer-db] DB connect failed attempt=8 state=08001 Connection to localhost:5432 refused. Check that the hostname and port are correct and that the postmaster is accepting TCP/IP connections.
[2026-06-14T11:02:28.849982764Z] [OPS] [customer-db] DB connect failed attempt=1 state=08001 Connection to localhost:5432 refused. Check that the hostname and port are correct and that the postmaster is accepting TCP/IP connections.
[2026-06-14T11:02:30.351789250Z] [OPS] [customer-db] DB connect failed attempt=2 state=08001 Connection to localhost:5432 refused. Check that the hostname and port are correct and that the postmaster is accepting TCP/IP connections.
[2026-06-14T11:02:31.859846001Z] [OPS] [customer-db] DB connect failed attempt=3 state=08001 Connection to localhost:5432 refused. Check that the hostname and port are correct and that the postmaster is accepting TCP/IP connections.
[2026-06-14T11:02:33.363153668Z] [OPS] [customer-db] DB connect failed attempt=4 state=08001 Connection to localhost:5432 refused. Check that the hostname and port are correct and that the postmaster is accepting TCP/IP connections.
[2026-06-14T11:02:34.870449585Z] [OPS] [customer-db] DB connect failed attempt=5 state=08001 Connection to localhost:5432 refused. Check that the hostname and port are correct and that the postmaster is accepting TCP/IP connections.
[2026-06-14T11:02:36.372469878Z] [OPS] [customer-db] DB connect failed attempt=6 state=08001 Connection to localhost:5432 refused. Check that the hostname and port are correct and that the postmaster is accepting TCP/IP connections.
[2026-06-14T11:02:37.876242545Z] [OPS] [customer-db] DB connect failed attempt=7 state=08001 Connection to localhost:5432 refused. Check that the hostname and port are correct and that the postmaster is accepting TCP/IP connections.
[2026-06-14T11:02:39.384193754Z] [OPS] [customer-db] DB connect failed attempt=8 state=08001 Connection to localhost:5432 refused. Check that the hostname and port are correct and that the postmaster is accepting TCP/IP connections.
[2026-06-14T11:02:39.386922296Z] [OPS] [customer-db] DB connect failed attempt=1 state=08001 Connection to localhost:5432 refused. Check that the hostname and port are correct and that the postmaster is accepting TCP/IP connections.
[2026-06-14T11:02:40.889957255Z] [OPS] [customer-db] DB connect failed attempt=2 state=08001 Connection to localhost:5432 refused. Check that the hostname and port are correct and that the postmaster is accepting TCP/IP connections.
[2026-06-14T11:02:42.394362589Z] [OPS] [customer-db] DB connect failed attempt=3 state=08001 Connection to localhost:5432 refused. Check that the hostname and port are correct and that the postmaster is accepting TCP/IP connections.
[2026-06-14T11:02:43.899429840Z] [OPS] [customer-db] DB connect failed attempt=4 state=08001 Connection to localhost:5432 refused. Check that the hostname and port are correct and that the postmaster is accepting TCP/IP connections.
[2026-06-14T11:02:45.404883549Z] [OPS] [customer-db] DB connect failed attempt=5 state=08001 Connection to localhost:5432 refused. Check that the hostname and port are correct and that the postmaster is accepting TCP/IP connections.
[2026-06-14T11:02:46.912681216Z] [OPS] [customer-db] DB connect failed attempt=6 state=08001 Connection to localhost:5432 refused. Check that the hostname and port are correct and that the postmaster is accepting TCP/IP connections.
[2026-06-14T11:02:48.418309925Z] [OPS] [customer-db] DB connect failed attempt=7 state=08001 Connection to localhost:5432 refused. Check that the hostname and port are correct and that the postmaster is accepting TCP/IP connections.
[2026-06-14T11:02:49.923559926Z] [OPS] [customer-db] DB connect failed attempt=8 state=08001 Connection to localhost:5432 refused. Check that the hostname and port are correct and that the postmaster is accepting TCP/IP connections.
[2026-06-14T11:02:49.930182551Z] [OPS] [customer-db] DB connect failed attempt=1 state=08001 Connection to localhost:5432 refused. Check that the hostname and port are correct and that the postmaster is accepting TCP/IP connections.
[2026-06-14T11:02:51.432259260Z] [OPS] [customer-db] DB connect failed attempt=2 state=08001 Connection to localhost:5432 refused. Check that the hostname and port are correct and that the postmaster is accepting TCP/IP connections.
[2026-06-14T11:02:52.938905302Z] [OPS] [customer-db] DB connect failed attempt=3 state=08001 Connection to localhost:5432 refused. Check that the hostname and port are correct and that the postmaster is accepting TCP/IP connections.
[2026-06-14T11:02:54.445245136Z] [OPS] [customer-db] DB connect failed attempt=4 state=08001 Connection to localhost:5432 refused. Check that the hostname and port are correct and that the postmaster is accepting TCP/IP connections.
[2026-06-14T11:02:55.953513221Z] [OPS] [customer-db] DB connect failed attempt=5 state=08001 Connection to localhost:5432 refused. Check that the hostname and port are correct and that the postmaster is accepting TCP/IP connections.
[2026-06-14T11:02:57.461051388Z] [OPS] [customer-db] DB connect failed attempt=6 state=08001 Connection to localhost:5432 refused. Check that the hostname and port are correct and that the postmaster is accepting TCP/IP connections.
[2026-06-14T11:02:58.964749055Z] [OPS] [customer-db] DB connect failed attempt=7 state=08001 Connection to localhost:5432 refused. Check that the hostname and port are correct and that the postmaster is accepting TCP/IP connections.
[2026-06-14T11:03:00.473249458Z] [OPS] [customer-db] DB connect failed attempt=8 state=08001 Connection to localhost:5432 refused. Check that the hostname and port are correct and that the postmaster is accepting TCP/IP connections.
[2026-06-14T11:03:00.474376792Z] [OPS] [customer-db] DB connect failed attempt=1 state=08001 Connection to localhost:5432 refused. Check that the hostname and port are correct and that the postmaster is accepting TCP/IP connections.
[2026-06-14T11:03:01.978785292Z] [OPS] [customer-db] DB connect failed attempt=2 state=08001 Connection to localhost:5432 refused. Check that the hostname and port are correct and that the postmaster is accepting TCP/IP connections.
[2026-06-14T11:03:03.484931418Z] [OPS] [customer-db] DB connect failed attempt=3 state=08001 Connection to localhost:5432 refused. Check that the hostname and port are correct and that the postmaster is accepting TCP/IP connections.
[2026-06-14T11:03:04.988984502Z] [OPS] [customer-db] DB connect failed attempt=4 state=08001 Connection to localhost:5432 refused. Check that the hostname and port are correct and that the postmaster is accepting TCP/IP connections.
[2026-06-14T11:03:06.496770461Z] [OPS] [customer-db] DB connect failed attempt=5 state=08001 Connection to localhost:5432 refused. Check that the hostname and port are correct and that the postmaster is accepting TCP/IP connections.
[2026-06-14T11:03:07.999882504Z] [OPS] [customer-db] DB connect failed attempt=6 state=08001 Connection to localhost:5432 refused. Check that the hostname and port are correct and that the postmaster is accepting TCP/IP connections.
[2026-06-14T11:03:09.503610629Z] [OPS] [customer-db] DB connect failed attempt=7 state=08001 Connection to localhost:5432 refused. Check that the hostname and port are correct and that the postmaster is accepting TCP/IP connections.
[2026-06-14T11:03:11.007493422Z] [OPS] [customer-db] DB connect failed attempt=8 state=08001 Connection to localhost:5432 refused. Check that the hostname and port are correct and that the postmaster is accepting TCP/IP connections.
[2026-06-14T11:03:11.011835838Z] [OPS] [customer-db] DB connect failed attempt=1 state=08001 Connection to localhost:5432 refused. Check that the hostname and port are correct and that the postmaster is accepting TCP/IP connections.
[2026-06-14T11:03:12.515359006Z] [OPS] [customer-db] DB connect failed attempt=2 state=08001 Connection to localhost:5432 refused. Check that the hostname and port are correct and that the postmaster is accepting TCP/IP connections.
[2026-06-14T11:03:14.021775965Z] [OPS] [customer-db] DB connect failed attempt=3 state=08001 Connection to localhost:5432 refused. Check that the hostname and port are correct and that the postmaster is accepting TCP/IP connections.
[2026-06-14T11:03:15.529061049Z] [OPS] [customer-db] DB connect failed attempt=4 state=08001 Connection to localhost:5432 refused. Check that the hostname and port are correct and that the postmaster is accepting TCP/IP connections.
[2026-06-14T11:03:17.033941758Z] [OPS] [customer-db] DB connect failed attempt=5 state=08001 Connection to localhost:5432 refused. Check that the hostname and port are correct and that the postmaster is accepting TCP/IP connections.
[2026-06-14T11:03:18.537320050Z] [OPS] [customer-db] DB connect failed attempt=6 state=08001 Connection to localhost:5432 refused. Check that the hostname and port are correct and that the postmaster is accepting TCP/IP connections.
[2026-06-14T11:03:20.041484343Z] [OPS] [customer-db] DB connect failed attempt=7 state=08001 Connection to localhost:5432 refused. Check that the hostname and port are correct and that the postmaster is accepting TCP/IP connections.
[2026-06-14T11:03:21.550048718Z] [OPS] [customer-db] DB connect failed attempt=8 state=08001 Connection to localhost:5432 refused. Check that the hostname and port are correct and that the postmaster is accepting TCP/IP connections.
[2026-06-14T11:03:21.552212802Z] [OPS] [customer-db] DB connect failed attempt=1 state=08001 Connection to localhost:5432 refused. Check that the hostname and port are correct and that the postmaster is accepting TCP/IP connections.
[2026-06-14T11:03:23.060266636Z] [OPS] [customer-db] DB connect failed attempt=2 state=08001 Connection to localhost:5432 refused. Check that the hostname and port are correct and that the postmaster is accepting TCP/IP connections.
[2026-06-14T11:03:24.564653470Z] [OPS] [customer-db] DB connect failed attempt=3 state=08001 Connection to localhost:5432 refused. Check that the hostname and port are correct and that the postmaster is accepting TCP/IP connections.
[2026-06-14T11:03:26.069477804Z] [OPS] [customer-db] DB connect failed attempt=4 state=08001 Connection to localhost:5432 refused. Check that the hostname and port are correct and that the postmaster is accepting TCP/IP connections.
[2026-06-14T11:03:27.576125471Z] [OPS] [customer-db] DB connect failed attempt=5 state=08001 Connection to localhost:5432 refused. Check that the hostname and port are correct and that the postmaster is accepting TCP/IP connections.
[2026-06-14T11:03:29.081590097Z] [OPS] [customer-db] DB connect failed attempt=6 state=08001 Connection to localhost:5432 refused. Check that the hostname and port are correct and that the postmaster is accepting TCP/IP connections.
[2026-06-14T11:03:30.585098708Z] [OPS] [customer-db] DB connect failed attempt=7 state=08001 Connection to localhost:5432 refused. Check that the hostname and port are correct and that the postmaster is accepting TCP/IP connections.
[2026-06-14T11:03:32.090919667Z] [OPS] [customer-db] DB connect failed attempt=8 state=08001 Connection to localhost:5432 refused. Check that the hostname and port are correct and that the postmaster is accepting TCP/IP connections.
[2026-06-14T11:03:32.094171959Z] [OPS] [customer-db] DB connect failed attempt=1 state=08001 Connection to localhost:5432 refused. Check that the hostname and port are correct and that the postmaster is accepting TCP/IP connections.
[2026-06-14T11:03:33.601704168Z] [OPS] [customer-db] DB connect failed attempt=2 state=08001 Connection to localhost:5432 refused. Check that the hostname and port are correct and that the postmaster is accepting TCP/IP connections.
[2026-06-14T11:03:35.107372377Z] [OPS] [customer-db] DB connect failed attempt=3 state=08001 Connection to localhost:5432 refused. Check that the hostname and port are correct and that the postmaster is accepting TCP/IP connections.
[2026-06-14T11:03:36.615592503Z] [OPS] [customer-db] DB connect failed attempt=4 state=08001 Connection to localhost:5432 refused. Check that the hostname and port are correct and that the postmaster is accepting TCP/IP connections.
[2026-06-14T11:03:38.117865170Z] [OPS] [customer-db] DB connect failed attempt=5 state=08001 Connection to localhost:5432 refused. Check that the hostname and port are correct and that the postmaster is accepting TCP/IP connections.
[2026-06-14T11:03:39.621317379Z] [OPS] [customer-db] DB connect failed attempt=6 state=08001 Connection to localhost:5432 refused. Check that the hostname and port are correct and that the postmaster is accepting TCP/IP connections.
[2026-06-14T11:03:41.126310130Z] [OPS] [customer-db] DB connect failed attempt=7 state=08001 Connection to localhost:5432 refused. Check that the hostname and port are correct and that the postmaster is accepting TCP/IP connections.
[2026-06-14T11:03:42.630677964Z] [OPS] [customer-db] DB connect failed attempt=8 state=08001 Connection to localhost:5432 refused. Check that the hostname and port are correct and that the postmaster is accepting TCP/IP connections.
[2026-06-14T11:03:42.632387297Z] [OPS] [customer-db] DB connect failed attempt=1 state=08001 Connection to localhost:5432 refused. Check that the hostname and port are correct and that the postmaster is accepting TCP/IP connections.
[2026-06-14T11:03:44.137463340Z] [OPS] [customer-db] DB connect failed attempt=2 state=08001 Connection to localhost:5432 refused. Check that the hostname and port are correct and that the postmaster is accepting TCP/IP connections.
[2026-06-14T11:03:45.647444299Z] [OPS] [customer-db] DB connect failed attempt=3 state=08001 Connection to localhost:5432 refused. Check that the hostname and port are correct and that the postmaster is accepting TCP/IP connections.
[2026-06-14T11:03:47.150916800Z] [OPS] [customer-db] DB connect failed attempt=4 state=08001 Connection to localhost:5432 refused. Check that the hostname and port are correct and that the postmaster is accepting TCP/IP connections.
[2026-06-18T13:29:05.467203800Z] [OPS] [customer-db] DB cluster JDBC URL configured for [10.0.6.5:5432, 10.0.6.6:5432, 10.0.6.7:5432]
[2026-06-18T13:29:05.644124600Z] [OPS] [customer-db] DB connect failed attempt=1 state=28000 FATAL: role "mulligan_app" does not exist
[2026-06-18T13:35:18.000314700Z] [OPS] [customer-db] DB cluster JDBC URL configured for [10.0.6.5:5432, 10.0.6.6:5432, 10.0.6.7:5432]
[2026-06-18T13:35:18.167055600Z] [OPS] [customer-db] DB connect failed attempt=1 state=28000 FATAL: role "mulligan_app" does not exist
[2026-06-18T13:51:17.166196500Z] [OPS] [customer-db] DB connect failed attempt=1 state=28000 FATAL: role "mulligan_app" does not exist
[2026-06-18T13:51:17.346010100Z] [OPS] [customer-db] DB connect failed attempt=1 state=28000 FATAL: role "mulligan_app" does not exist
[2026-06-18T13:51:24.866592200Z] [OPS] [customer-db] DB connect failed attempt=1 state=28000 FATAL: role "mulligan_app" does not exist
[2026-06-18T13:51:25.451151200Z] [OPS] [customer-db] DB connect failed attempt=1 state=28000 FATAL: role "mulligan_app" does not exist
[2026-06-18T13:51:34.908061Z] [OPS] [customer-db] DB connect failed attempt=1 state=28000 FATAL: role "mulligan_app" does not exist
[2026-06-18T13:51:35.803633500Z] [OPS] [customer-db] DB connect failed attempt=1 state=28000 FATAL: role "mulligan_app" does not exist
[2026-06-18T13:51:39.418633600Z] [OPS] [customer-db] DB connect failed attempt=1 state=28000 FATAL: role "mulligan_app" does not exist
[2026-06-18T13:51:39.895410200Z] [OPS] [customer-db] DB connect failed attempt=1 state=28000 FATAL: role "mulligan_app" does not exist
[2026-06-18T13:51:44.085561Z] [OPS] [customer-db] DB connect failed attempt=1 state=28000 FATAL: role "mulligan_app" does not exist
[2026-06-18T13:51:44.211508800Z] [OPS] [customer-db] DB connect failed attempt=1 state=28000 FATAL: role "mulligan_app" does not exist
[2026-06-18T13:51:44.623718200Z] [OPS] [customer-db] DB connect failed attempt=1 state=28000 FATAL: role "mulligan_app" does not exist
[2026-06-18T13:51:47.786092400Z] [OPS] [customer-db] DB connect failed attempt=1 state=28000 FATAL: role "mulligan_app" does not exist
[2026-06-18T13:51:48.007578Z] [OPS] [customer-db] DB connect failed attempt=1 state=28000 FATAL: role "mulligan_app" does not exist
[2026-06-18T13:51:48.209727700Z] [OPS] [customer-db] DB connect failed attempt=1 state=28000 FATAL: role "mulligan_app" does not exist
[2026-06-18T14:03:50.585465800Z] [OPS] [customer-db] DB cluster JDBC URL configured for [10.0.6.5:5432, 10.0.6.6:5432, 10.0.6.7:5432]
[2026-06-18T15:22:49.538693500Z] [OPS] [customer-ui] AMQP factory built tls=false hosts=[10.0.6.1:5672, 10.0.6.2:5672, 10.0.6.3:5672]
[2026-06-18T16:16:37.033921900Z] [OPS] [customer-ui] AMQP factory built tls=false hosts=[10.0.6.1:5672, 10.0.6.2:5672, 10.0.6.3:5672]
[2026-06-18T16:16:38.975979900Z] [OPS] [customer-ui] AMQP factory built tls=false hosts=[10.0.6.1:5672, 10.0.6.2:5672, 10.0.6.3:5672]
[2026-06-18T16:17:18.819115800Z] [OPS] [customer-ui] AMQP factory built tls=false hosts=[10.0.6.1:5672, 10.0.6.2:5672, 10.0.6.3:5672]
[2026-06-18T16:18:58.654313700Z] [OPS] [customer-ui] AMQP factory built tls=false hosts=[10.0.6.1:5672, 10.0.6.2:5672, 10.0.6.3:5672]
[2026-06-18T16:19:00.702799500Z] [OPS] [customer-ui] AMQP factory built tls=false hosts=[10.0.6.1:5672, 10.0.6.2:5672, 10.0.6.3:5672]
[2026-06-18T19:47:29.783425Z] [OPS] [customer-db] DB cluster JDBC URL configured for [localhost:5432]
[2026-06-18T19:47:31.712147Z] [OPS] [customer-ui] AMQP factory built tls=false hosts=[localhost:5672]
[2026-06-18T19:47:31.720471Z] [OPS] [customer-ui] AMQP connect failed for all nodes: Connection refused
[2026-06-18T19:47:31.721645Z] [SECURITY] [customer-ui] Customer UI failed to publish transaction id=230 err=ConnectException
